----------------------------------------------------------------
File: .\data\test\output\testdata0.out.in
----------------------------------------------------------------
Arrow found at coordinate 2.3
Arrow found at coordinate 4.5
Arrow found at coordinate 5.2
Total number of arrows: 3
